// Jest Snapshot v1, https://goo.gl/fbAQLP

exports[`tests for CarouselNavigationButton component render must match snapshot 1`] = `
<div
  className="carousel-nav-button"
>
  <button
    className="bp3-button bp3-minimal bp3-small"
    onClick={[Function]}
    onKeyDown={[Function]}
    onKeyUp={[Function]}
    style={
      Object {
        "borderRadius": "20px",
      }
    }
    type="button"
  >
    <span
      className="bp3-icon bp3-icon-chevron-left"
      icon="chevron-left"
    >
      <svg
        data-icon="chevron-left"
        height={16}
        viewBox="0 0 16 16"
        width={16}
      >
        <desc>
          chevron-left
        </desc>
        <path
          d="M7.41 8l3.29-3.29c.19-.18.3-.43.3-.71a1.003 1.003 0 0 0-1.71-.71l-4 4C5.11 7.47 5 7.72 5 8c0 .28.11.53.29.71l4 4a1.003 1.003 0 0 0 1.42-1.42L7.41 8z"
          fillRule="evenodd"
        />
      </svg>
    </span>
  </button>
</div>
`;
