// Jest Snapshot v1, https://goo.gl/fbAQLP

exports[`tests for ZoomAction component render must match snapshot 1`] = `
<div
  className="zoom-action"
>
  <div
    className="zoom-control"
  >
    <button
      className="bp3-button bp3-large zoom-in-button"
      onKeyDown={[Function]}
      onKeyUp={[Function]}
      style={
        Object {
          "borderRadius": "20px",
        }
      }
      type="button"
    >
      <span
        className="bp3-icon bp3-icon-plus"
        icon="plus"
      >
        <svg
          data-icon="plus"
          height={16}
          viewBox="0 0 16 16"
          width={16}
        >
          <desc>
            plus
          </desc>
          <path
            d="M13 7H9V3c0-.55-.45-1-1-1s-1 .45-1 1v4H3c-.55 0-1 .45-1 1s.45 1 1 1h4v4c0 .55.45 1 1 1s1-.45 1-1V9h4c.55 0 1-.45 1-1s-.45-1-1-1z"
            fillRule="evenodd"
          />
        </svg>
      </span>
    </button>
  </div>
  <div
    className="zoom-control"
  >
    <button
      className="bp3-button bp3-large zoom-out-button"
      onKeyDown={[Function]}
      onKeyUp={[Function]}
      style={
        Object {
          "borderRadius": "20px",
        }
      }
      type="button"
    >
      <span
        className="bp3-icon bp3-icon-minus"
        icon="minus"
      >
        <svg
          data-icon="minus"
          height={16}
          viewBox="0 0 16 16"
          width={16}
        >
          <desc>
            minus
          </desc>
          <path
            d="M13 7H3c-.55 0-1 .45-1 1s.45 1 1 1h10c.55 0 1-.45 1-1s-.45-1-1-1z"
            fillRule="evenodd"
          />
        </svg>
      </span>
    </button>
  </div>
</div>
`;
